// Jest Snapshot v1, https://goo.gl/fbAQLP

exports[`<Categories /> renders correctly 1`] = `
<View
  style={
    Object {
      "alignItems": "center",
    }
  }
>
  <ScrollView
    ListFooterComponent={
      <View
        style={
          Object {
            "padding": 64,
          }
        }
      />
    }
    data={
      Array [
        Object {
          "id": 1,
          "name": "dairy",
        },
        Object {
          "id": 2,
          "name": "meats",
        },
        Object {
          "id": 3,
          "name": "bakery",
        },
        Object {
          "id": 4,
          "name": "fruit & veg",
        },
        Object {
          "id": 5,
          "name": "cereals",
        },
        Object {
          "id": 6,
          "name": "drinks",
        },
      ]
    }
    disableVirtualization={false}
    getItem={[Function]}
    getItemCount={[Function]}
    horizontal={false}
    initialNumToRender={10}
    keyExtractor={[Function]}
    maxToRenderPerBatch={10}
    numColumns={1}
    onContentSizeChange={[Function]}
    onEndReachedThreshold={2}
    onLayout={[Function]}
    onMomentumScrollEnd={[Function]}
    onScroll={[Function]}
    onScrollBeginDrag={[Function]}
    onScrollEndDrag={[Function]}
    removeClippedSubviews={false}
    renderItem={[Function]}
    scrollEventThrottle={50}
    stickyHeaderIndices={Array []}
    updateCellsBatchingPeriod={50}
    viewabilityConfigCallbackPairs={Array []}
    windowSize={21}
  >
    <View
      onLayout={[Function]}
      style={null}
    >
      <View
        style={
          Object {
            "alignItems": "center",
            "paddingBottom": 24,
          }
        }
      >
        <Text>
          dairy
        </Text>
        <TouchableWithoutFeedback
          onPress={[Function]}
        >
          <Image
            source={
              Object {
                "testUri": "../../../assets/img/categories/dairy.jpg",
              }
            }
          />
        </TouchableWithoutFeedback>
      </View>
    </View>
    <View
      onLayout={[Function]}
      style={null}
    >
      <View
        style={
          Object {
            "alignItems": "center",
            "paddingBottom": 24,
          }
        }
      >
        <Text>
          meats
        </Text>
        <TouchableWithoutFeedback
          onPress={[Function]}
        >
          <Image
            source={
              Object {
                "testUri": "../../../assets/img/categories/meats.jpg",
              }
            }
          />
        </TouchableWithoutFeedback>
      </View>
    </View>
    <View
      onLayout={[Function]}
      style={null}
    >
      <View
        style={
          Object {
            "alignItems": "center",
            "paddingBottom": 24,
          }
        }
      >
        <Text>
          bakery
        </Text>
        <TouchableWithoutFeedback
          onPress={[Function]}
        >
          <Image
            source={
              Object {
                "testUri": "../../../assets/img/categories/bakery.jpg",
              }
            }
          />
        </TouchableWithoutFeedback>
      </View>
    </View>
    <View
      onLayout={[Function]}
      style={null}
    >
      <View
        style={
          Object {
            "alignItems": "center",
            "paddingBottom": 24,
          }
        }
      >
        <Text>
          fruit & veg
        </Text>
        <TouchableWithoutFeedback
          onPress={[Function]}
        >
          <Image
            source={
              Object {
                "testUri": "../../../assets/img/categories/fruitveg.jpg",
              }
            }
          />
        </TouchableWithoutFeedback>
      </View>
    </View>
    <View
      onLayout={[Function]}
      style={null}
    >
      <View
        style={
          Object {
            "alignItems": "center",
            "paddingBottom": 24,
          }
        }
      >
        <Text>
          cereals
        </Text>
        <TouchableWithoutFeedback
          onPress={[Function]}
        >
          <Image
            source={
              Object {
                "testUri": "../../../assets/img/categories/cereals.jpg",
              }
            }
          />
        </TouchableWithoutFeedback>
      </View>
    </View>
    <View
      onLayout={[Function]}
      style={null}
    >
      <View
        style={
          Object {
            "alignItems": "center",
            "paddingBottom": 24,
          }
        }
      >
        <Text>
          drinks
        </Text>
        <TouchableWithoutFeedback
          onPress={[Function]}
        >
          <Image
            source={
              Object {
                "testUri": "../../../assets/img/categories/drinks.jpg",
              }
            }
          />
        </TouchableWithoutFeedback>
      </View>
    </View>
    <View
      onLayout={[Function]}
    >
      <View
        style={
          Object {
            "padding": 64,
          }
        }
      />
    </View>
  </ScrollView>
</View>
`;
