// Jest Snapshot v1, https://goo.gl/fbAQLP

exports[`<Home /> renders correctly 1`] = `
<SafeAreaView
  style={
    Object {
      "flex": 1,
    }
  }
>
  <View
    style={
      Object {
        "alignItems": "center",
      }
    }
  >
    <TouchableWithoutFeedback
      onPress={[Function]}
    >
      <Image
        source={
          Object {
            "testUri": "../../../src/components/Header/logo.jpg",
          }
        }
        style={
          Object {
            "margin": 16,
          }
        }
        testID="logo"
      />
    </TouchableWithoutFeedback>
    <View>
      <View
        style={
          Object {
            "flexDirection": "row",
            "paddingBottom": 16,
          }
        }
      >
        <TouchableHighlight
          activeOpacity={0.85}
          delayPressOut={100}
          onPress={[Function]}
          underlayColor="black"
        >
          <Text
            style={
              Object {
                "borderColor": "blue",
                "borderRadius": 32,
                "borderWidth": 1,
                "color": "blue",
                "fontWeight": "bold",
                "marginHorizontal": 8,
                "padding": 12,
              }
            }
            testID="clear-cart"
          >
            clear cart
          </Text>
        </TouchableHighlight>
        <TouchableHighlight
          activeOpacity={0.85}
          delayPressOut={100}
          onPress={[Function]}
          underlayColor="black"
        >
          <Text
            style={
              Object {
                "borderColor": "blue",
                "borderRadius": 32,
                "borderWidth": 1,
                "color": "blue",
                "fontWeight": "bold",
                "marginHorizontal": 8,
                "padding": 12,
              }
            }
            testID="view-cart"
          >
            view cart
          </Text>
        </TouchableHighlight>
        <TouchableWithoutFeedback
          onPress={[Function]}
        >
          <Text
            style={
              Object {
                "borderColor": "blue",
                "borderRadius": 32,
                "borderWidth": 1,
                "color": "blue",
                "fontWeight": "bold",
                "marginHorizontal": 8,
                "padding": 12,
              }
            }
            testID="checkout"
          >
            checkout
          </Text>
        </TouchableWithoutFeedback>
      </View>
      <View
        style={
          Object {
            "alignItems": "center",
            "flexDirection": "row",
            "justifyContent": "center",
            "paddingBottom": 16,
          }
        }
      >
        <Image
          source={
            Object {
              "testUri": "../../../src/components/Header/cart.gif",
            }
          }
        />
        <Text
          testID="cart-items"
        >
           
          1
           items
        </Text>
      </View>
    </View>
  </View>
  <View
    style={
      Object {
        "alignItems": "center",
      }
    }
  >
    <ScrollView
      ListFooterComponent={
        <View
          style={
            Object {
              "padding": 64,
            }
          }
        />
      }
      data={
        Array [
          Object {
            "id": 1,
            "name": "dairy",
          },
          Object {
            "id": 2,
            "name": "meats",
          },
          Object {
            "id": 3,
            "name": "bakery",
          },
          Object {
            "id": 4,
            "name": "fruit & veg",
          },
          Object {
            "id": 5,
            "name": "cereals",
          },
          Object {
            "id": 6,
            "name": "drinks",
          },
        ]
      }
      disableVirtualization={false}
      getItem={[Function]}
      getItemCount={[Function]}
      horizontal={false}
      initialNumToRender={10}
      keyExtractor={[Function]}
      maxToRenderPerBatch={10}
      numColumns={1}
      onContentSizeChange={[Function]}
      onEndReachedThreshold={2}
      onLayout={[Function]}
      onMomentumScrollEnd={[Function]}
      onScroll={[Function]}
      onScrollBeginDrag={[Function]}
      onScrollEndDrag={[Function]}
      removeClippedSubviews={false}
      renderItem={[Function]}
      scrollEventThrottle={50}
      stickyHeaderIndices={Array []}
      updateCellsBatchingPeriod={50}
      viewabilityConfigCallbackPairs={Array []}
      windowSize={21}
    >
      <View
        onLayout={[Function]}
        style={null}
      >
        <View
          style={
            Object {
              "alignItems": "center",
              "paddingBottom": 24,
            }
          }
          testID="categoryBox"
        >
          <Text>
            dairy
          </Text>
          <TouchableWithoutFeedback
            onPress={[Function]}
          >
            <Image
              source={
                Object {
                  "testUri": "../../../assets/img/categories/dairy.jpg",
                }
              }
              testID="img-dairy"
            />
          </TouchableWithoutFeedback>
        </View>
      </View>
      <View
        onLayout={[Function]}
        style={null}
      >
        <View
          style={
            Object {
              "alignItems": "center",
              "paddingBottom": 24,
            }
          }
          testID="categoryBox"
        >
          <Text>
            meats
          </Text>
          <TouchableWithoutFeedback
            onPress={[Function]}
          >
            <Image
              source={
                Object {
                  "testUri": "../../../assets/img/categories/meats.jpg",
                }
              }
              testID="img-meats"
            />
          </TouchableWithoutFeedback>
        </View>
      </View>
      <View
        onLayout={[Function]}
        style={null}
      >
        <View
          style={
            Object {
              "alignItems": "center",
              "paddingBottom": 24,
            }
          }
          testID="categoryBox"
        >
          <Text>
            bakery
          </Text>
          <TouchableWithoutFeedback
            onPress={[Function]}
          >
            <Image
              source={
                Object {
                  "testUri": "../../../assets/img/categories/bakery.jpg",
                }
              }
              testID="img-bakery"
            />
          </TouchableWithoutFeedback>
        </View>
      </View>
      <View
        onLayout={[Function]}
        style={null}
      >
        <View
          style={
            Object {
              "alignItems": "center",
              "paddingBottom": 24,
            }
          }
          testID="categoryBox"
        >
          <Text>
            fruit & veg
          </Text>
          <TouchableWithoutFeedback
            onPress={[Function]}
          >
            <Image
              source={
                Object {
                  "testUri": "../../../assets/img/categories/fruitveg.jpg",
                }
              }
              testID="img-fruit & veg"
            />
          </TouchableWithoutFeedback>
        </View>
      </View>
      <View
        onLayout={[Function]}
        style={null}
      >
        <View
          style={
            Object {
              "alignItems": "center",
              "paddingBottom": 24,
            }
          }
          testID="categoryBox"
        >
          <Text>
            cereals
          </Text>
          <TouchableWithoutFeedback
            onPress={[Function]}
          >
            <Image
              source={
                Object {
                  "testUri": "../../../assets/img/categories/cereals.jpg",
                }
              }
              testID="img-cereals"
            />
          </TouchableWithoutFeedback>
        </View>
      </View>
      <View
        onLayout={[Function]}
        style={null}
      >
        <View
          style={
            Object {
              "alignItems": "center",
              "paddingBottom": 24,
            }
          }
          testID="categoryBox"
        >
          <Text>
            drinks
          </Text>
          <TouchableWithoutFeedback
            onPress={[Function]}
          >
            <Image
              source={
                Object {
                  "testUri": "../../../assets/img/categories/drinks.jpg",
                }
              }
              testID="img-drinks"
            />
          </TouchableWithoutFeedback>
        </View>
      </View>
      <View
        onLayout={[Function]}
      >
        <View
          style={
            Object {
              "padding": 64,
            }
          }
        />
      </View>
    </ScrollView>
  </View>
</SafeAreaView>
`;
