// Jest Snapshot v1, https://goo.gl/fbAQLP

exports[`<Home /> renders correctly 1`] = `
<RCTSafeAreaView
  emulateUnlessSupported={true}
  style={
    Object {
      "flex": 1,
    }
  }
>
  <View
    style={
      Object {
        "alignItems": "center",
      }
    }
  >
    <Image
      accessible={true}
      focusable={true}
      onClick={[Function]}
      onResponderGrant={[Function]}
      onResponderMove={[Function]}
      onResponderRelease={[Function]}
      onResponderTerminate={[Function]}
      onResponderTerminationRequest={[Function]}
      onStartShouldSetResponder={[Function]}
      source={
        Object {
          "testUri": "../../../src/components/Header/logo.jpg",
        }
      }
      style={
        Object {
          "margin": 16,
        }
      }
    />
  </View>
  <View
    style={
      Object {
        "alignItems": "center",
      }
    }
  >
    <RCTScrollView
      ListFooterComponent={
        <View
          style={
            Object {
              "padding": 64,
            }
          }
        />
      }
      data={
        Array [
          Object {
            "id": 1,
            "name": "dairy",
          },
          Object {
            "id": 2,
            "name": "meats",
          },
          Object {
            "id": 3,
            "name": "bakery",
          },
          Object {
            "id": 4,
            "name": "fruit & veg",
          },
          Object {
            "id": 5,
            "name": "cereals",
          },
          Object {
            "id": 6,
            "name": "drinks",
          },
        ]
      }
      disableVirtualization={false}
      getItem={[Function]}
      getItemCount={[Function]}
      horizontal={false}
      initialNumToRender={10}
      keyExtractor={[Function]}
      maxToRenderPerBatch={10}
      numColumns={1}
      onContentSizeChange={[Function]}
      onEndReachedThreshold={2}
      onLayout={[Function]}
      onMomentumScrollEnd={[Function]}
      onScroll={[Function]}
      onScrollBeginDrag={[Function]}
      onScrollEndDrag={[Function]}
      removeClippedSubviews={false}
      renderItem={[Function]}
      scrollEventThrottle={50}
      stickyHeaderIndices={Array []}
      updateCellsBatchingPeriod={50}
      viewabilityConfigCallbackPairs={Array []}
      windowSize={21}
    >
      <View>
        <View
          onLayout={[Function]}
          style={null}
        >
          <View
            style={
              Object {
                "alignItems": "center",
                "paddingBottom": 24,
              }
            }
          >
            <Text>
              dairy
            </Text>
            <Image
              accessible={true}
              focusable={true}
              onClick={[Function]}
              onResponderGrant={[Function]}
              onResponderMove={[Function]}
              onResponderRelease={[Function]}
              onResponderTerminate={[Function]}
              onResponderTerminationRequest={[Function]}
              onStartShouldSetResponder={[Function]}
              source={
                Object {
                  "testUri": "../../../assets/img/categories/dairy.jpg",
                }
              }
            />
          </View>
        </View>
        <View
          onLayout={[Function]}
          style={null}
        >
          <View
            style={
              Object {
                "alignItems": "center",
                "paddingBottom": 24,
              }
            }
          >
            <Text>
              meats
            </Text>
            <Image
              accessible={true}
              focusable={true}
              onClick={[Function]}
              onResponderGrant={[Function]}
              onResponderMove={[Function]}
              onResponderRelease={[Function]}
              onResponderTerminate={[Function]}
              onResponderTerminationRequest={[Function]}
              onStartShouldSetResponder={[Function]}
              source={
                Object {
                  "testUri": "../../../assets/img/categories/meats.jpg",
                }
              }
            />
          </View>
        </View>
        <View
          onLayout={[Function]}
          style={null}
        >
          <View
            style={
              Object {
                "alignItems": "center",
                "paddingBottom": 24,
              }
            }
          >
            <Text>
              bakery
            </Text>
            <Image
              accessible={true}
              focusable={true}
              onClick={[Function]}
              onResponderGrant={[Function]}
              onResponderMove={[Function]}
              onResponderRelease={[Function]}
              onResponderTerminate={[Function]}
              onResponderTerminationRequest={[Function]}
              onStartShouldSetResponder={[Function]}
              source={
                Object {
                  "testUri": "../../../assets/img/categories/bakery.jpg",
                }
              }
            />
          </View>
        </View>
        <View
          onLayout={[Function]}
          style={null}
        >
          <View
            style={
              Object {
                "alignItems": "center",
                "paddingBottom": 24,
              }
            }
          >
            <Text>
              fruit & veg
            </Text>
            <Image
              accessible={true}
              focusable={true}
              onClick={[Function]}
              onResponderGrant={[Function]}
              onResponderMove={[Function]}
              onResponderRelease={[Function]}
              onResponderTerminate={[Function]}
              onResponderTerminationRequest={[Function]}
              onStartShouldSetResponder={[Function]}
              source={
                Object {
                  "testUri": "../../../assets/img/categories/fruitveg.jpg",
                }
              }
            />
          </View>
        </View>
        <View
          onLayout={[Function]}
          style={null}
        >
          <View
            style={
              Object {
                "alignItems": "center",
                "paddingBottom": 24,
              }
            }
          >
            <Text>
              cereals
            </Text>
            <Image
              accessible={true}
              focusable={true}
              onClick={[Function]}
              onResponderGrant={[Function]}
              onResponderMove={[Function]}
              onResponderRelease={[Function]}
              onResponderTerminate={[Function]}
              onResponderTerminationRequest={[Function]}
              onStartShouldSetResponder={[Function]}
              source={
                Object {
                  "testUri": "../../../assets/img/categories/cereals.jpg",
                }
              }
            />
          </View>
        </View>
        <View
          onLayout={[Function]}
          style={null}
        >
          <View
            style={
              Object {
                "alignItems": "center",
                "paddingBottom": 24,
              }
            }
          >
            <Text>
              drinks
            </Text>
            <Image
              accessible={true}
              focusable={true}
              onClick={[Function]}
              onResponderGrant={[Function]}
              onResponderMove={[Function]}
              onResponderRelease={[Function]}
              onResponderTerminate={[Function]}
              onResponderTerminationRequest={[Function]}
              onStartShouldSetResponder={[Function]}
              source={
                Object {
                  "testUri": "../../../assets/img/categories/drinks.jpg",
                }
              }
            />
          </View>
        </View>
        <View
          onLayout={[Function]}
        >
          <View
            style={
              Object {
                "padding": 64,
              }
            }
          />
        </View>
      </View>
    </RCTScrollView>
  </View>
</RCTSafeAreaView>
`;
