// Jest Snapshot v1, https://goo.gl/fbAQLP

exports[`<Header /> renders correctly 1`] = `
<View
  style={
    Object {
      "alignItems": "center",
    }
  }
>
  <TouchableWithoutFeedback
    onPress={[Function]}
  >
    <Image
      source={
        Object {
          "testUri": "../../../src/components/Header/logo.jpg",
        }
      }
      style={
        Object {
          "margin": 16,
        }
      }
    />
  </TouchableWithoutFeedback>
</View>
`;
