// Jest Snapshot v1, https://goo.gl/fbAQLP

exports[`<Confirmation /> renders correctly 1`] = `
<View
  style={
    Object {
      "padding": 16,
    }
  }
>
  <Text
    style={
      Object {
        "fontWeight": "bold",
      }
    }
  >
    Your order has been successfully processed and will be delivered within 24 hours.
  </Text>
  <Text
    style={
      Object {
        "paddingTop": 8,
      }
    }
  >
    Please keep a note of your confirmation number:
    995604757
  </Text>
  <Text
    style={
      Object {
        "paddingTop": 8,
      }
    }
  >
    Thank you for shopping at the Affable Bean Green Grocer!
  </Text>
</View>
`;
