// Jest Snapshot v1, https://goo.gl/fbAQLP

exports[`<Checkout /> renders correctly 1`] = `
<ScrollView>
  <View
    style={
      Object {
        "alignItems": "center",
      }
    }
  >
    <TouchableWithoutFeedback
      onPress={[Function]}
    >
      <Image
        source={
          Object {
            "testUri": "../../../src/components/Header/logo.jpg",
          }
        }
        style={
          Object {
            "margin": 16,
          }
        }
        testID="logo"
      />
    </TouchableWithoutFeedback>
    <View>
      <View
        style={
          Object {
            "flexDirection": "row",
            "paddingBottom": 16,
          }
        }
      >
        <TouchableHighlight
          activeOpacity={0.85}
          delayPressOut={100}
          onPress={[Function]}
          underlayColor="black"
        >
          <Text
            style={
              Object {
                "borderColor": "blue",
                "borderRadius": 32,
                "borderWidth": 1,
                "color": "blue",
                "fontWeight": "bold",
                "marginHorizontal": 8,
                "padding": 12,
              }
            }
            testID="clear-cart"
          >
            clear cart
          </Text>
        </TouchableHighlight>
        <TouchableHighlight
          activeOpacity={0.85}
          delayPressOut={100}
          onPress={[Function]}
          underlayColor="black"
        >
          <Text
            style={
              Object {
                "borderColor": "blue",
                "borderRadius": 32,
                "borderWidth": 1,
                "color": "blue",
                "fontWeight": "bold",
                "marginHorizontal": 8,
                "padding": 12,
              }
            }
            testID="view-cart"
          >
            view cart
          </Text>
        </TouchableHighlight>
      </View>
      <View
        style={
          Object {
            "alignItems": "center",
            "flexDirection": "row",
            "justifyContent": "center",
            "paddingBottom": 16,
          }
        }
      >
        <Image
          source={
            Object {
              "testUri": "../../../src/components/Header/cart.gif",
            }
          }
        />
        <Text
          testID="cart-items"
        >
           
          1
           items
        </Text>
      </View>
    </View>
  </View>
  <View>
    <View
      style={
        Object {
          "backgroundColor": "#f7f7e9",
          "padding": 16,
        }
      }
    >
      <Text
        testID="checkout-intro"
      >
        In order to purchase the items in your shopping cart, please provide us with the following information:
      </Text>
      <TextInput
        allowFontScaling={true}
        name="name"
        onChange={[Function]}
        placeholder="Enter your name"
        rejectResponderTermination={true}
        style={
          Object {
            "borderBottomColor": "black",
            "borderBottomWidth": 1,
            "padding": 8,
          }
        }
        testID="checkout-input"
        underlineColorAndroid="transparent"
      />
      <TextInput
        allowFontScaling={true}
        name="email"
        onChange={[Function]}
        placeholder="Enter your email address"
        rejectResponderTermination={true}
        style={
          Object {
            "borderBottomColor": "black",
            "borderBottomWidth": 1,
            "padding": 8,
          }
        }
        testID="checkout-input"
        underlineColorAndroid="transparent"
      />
      <TextInput
        allowFontScaling={true}
        name="phone"
        onChange={[Function]}
        placeholder="Enter your phone number"
        rejectResponderTermination={true}
        style={
          Object {
            "borderBottomColor": "black",
            "borderBottomWidth": 1,
            "padding": 8,
          }
        }
        testID="checkout-input"
        underlineColorAndroid="transparent"
      />
      <TextInput
        allowFontScaling={true}
        name="address"
        onChange={[Function]}
        placeholder="Enter your address"
        rejectResponderTermination={true}
        style={
          Object {
            "borderBottomColor": "black",
            "borderBottomWidth": 1,
            "padding": 8,
          }
        }
        testID="checkout-input"
        underlineColorAndroid="transparent"
      />
      <TextInput
        allowFontScaling={true}
        name="creditCard"
        onChange={[Function]}
        placeholder="Enter your credit card number"
        rejectResponderTermination={true}
        style={
          Object {
            "borderBottomColor": "black",
            "borderBottomWidth": 1,
            "padding": 8,
          }
        }
        testID="checkout-input"
        underlineColorAndroid="transparent"
      />
    </View>
    <View
      style={
        Object {
          "alignItems": "center",
        }
      }
    >
      <Text
        style={
          Object {
            "paddingTop": 16,
          }
        }
      >
        Subtotal: € 
        1.70
      </Text>
      <Text>
        Surcharge: € 
        3.00
      </Text>
      <Text
        style={
          Object {
            "fontWeight": "bold",
          }
        }
      >
        Total: € 
        4.70
         
      </Text>
      <Text
        style={
          Object {
            "marginTop": 8,
          }
        }
      />
      <Button
        onPress={[Function]}
        testID="checkout-submit"
        title="Purchase"
      />
    </View>
  </View>
</ScrollView>
`;

exports[`<Data Entry /> renders correctly 1`] = `
<ScrollView>
  <View
    style={
      Object {
        "alignItems": "center",
      }
    }
  >
    <TouchableWithoutFeedback
      onPress={[Function]}
    >
      <Image
        source={
          Object {
            "testUri": "../../../src/components/Header/logo.jpg",
          }
        }
        style={
          Object {
            "margin": 16,
          }
        }
        testID="logo"
      />
    </TouchableWithoutFeedback>
    <View>
      <View
        style={
          Object {
            "flexDirection": "row",
            "paddingBottom": 16,
          }
        }
      >
        <TouchableHighlight
          activeOpacity={0.85}
          delayPressOut={100}
          onPress={[Function]}
          underlayColor="black"
        >
          <Text
            style={
              Object {
                "borderColor": "blue",
                "borderRadius": 32,
                "borderWidth": 1,
                "color": "blue",
                "fontWeight": "bold",
                "marginHorizontal": 8,
                "padding": 12,
              }
            }
            testID="clear-cart"
          >
            clear cart
          </Text>
        </TouchableHighlight>
        <TouchableHighlight
          activeOpacity={0.85}
          delayPressOut={100}
          onPress={[Function]}
          underlayColor="black"
        >
          <Text
            style={
              Object {
                "borderColor": "blue",
                "borderRadius": 32,
                "borderWidth": 1,
                "color": "blue",
                "fontWeight": "bold",
                "marginHorizontal": 8,
                "padding": 12,
              }
            }
            testID="view-cart"
          >
            view cart
          </Text>
        </TouchableHighlight>
      </View>
      <View
        style={
          Object {
            "alignItems": "center",
            "flexDirection": "row",
            "justifyContent": "center",
            "paddingBottom": 16,
          }
        }
      >
        <Image
          source={
            Object {
              "testUri": "../../../src/components/Header/cart.gif",
            }
          }
        />
        <Text
          testID="cart-items"
        >
           
          1
           items
        </Text>
      </View>
    </View>
  </View>
  <View>
    <View
      style={
        Object {
          "backgroundColor": "#f7f7e9",
          "padding": 16,
        }
      }
    >
      <Text
        testID="checkout-intro"
      >
        In order to purchase the items in your shopping cart, please provide us with the following information:
      </Text>
      <TextInput
        allowFontScaling={true}
        name="name"
        onChange={[Function]}
        placeholder="Enter your name"
        rejectResponderTermination={true}
        style={
          Object {
            "borderBottomColor": "black",
            "borderBottomWidth": 1,
            "padding": 8,
          }
        }
        testID="checkout-input"
        underlineColorAndroid="transparent"
      />
      <TextInput
        allowFontScaling={true}
        name="email"
        onChange={[Function]}
        placeholder="Enter your email address"
        rejectResponderTermination={true}
        style={
          Object {
            "borderBottomColor": "black",
            "borderBottomWidth": 1,
            "padding": 8,
          }
        }
        testID="checkout-input"
        underlineColorAndroid="transparent"
      />
      <TextInput
        allowFontScaling={true}
        name="phone"
        onChange={[Function]}
        placeholder="Enter your phone number"
        rejectResponderTermination={true}
        style={
          Object {
            "borderBottomColor": "black",
            "borderBottomWidth": 1,
            "padding": 8,
          }
        }
        testID="checkout-input"
        underlineColorAndroid="transparent"
      />
      <TextInput
        allowFontScaling={true}
        name="address"
        onChange={[Function]}
        placeholder="Enter your address"
        rejectResponderTermination={true}
        style={
          Object {
            "borderBottomColor": "black",
            "borderBottomWidth": 1,
            "padding": 8,
          }
        }
        testID="checkout-input"
        underlineColorAndroid="transparent"
      />
      <TextInput
        allowFontScaling={true}
        name="creditCard"
        onChange={[Function]}
        placeholder="Enter your credit card number"
        rejectResponderTermination={true}
        style={
          Object {
            "borderBottomColor": "black",
            "borderBottomWidth": 1,
            "padding": 8,
          }
        }
        testID="checkout-input"
        underlineColorAndroid="transparent"
      />
    </View>
    <View
      style={
        Object {
          "alignItems": "center",
        }
      }
    >
      <Text
        style={
          Object {
            "paddingTop": 16,
          }
        }
      >
        Subtotal: € 
        1.70
      </Text>
      <Text>
        Surcharge: € 
        3.00
      </Text>
      <Text
        style={
          Object {
            "fontWeight": "bold",
          }
        }
      >
        Total: € 
        4.70
         
      </Text>
      <Text
        style={
          Object {
            "marginTop": 8,
          }
        }
      />
      <Button
        onPress={[Function]}
        testID="checkout-submit"
        title="Purchase"
      />
    </View>
  </View>
</ScrollView>
`;
