// Jest Snapshot v1, https://goo.gl/fbAQLP

exports[`<Category /> renders correctly 1`] = `
<View
  style={
    Object {
      "alignItems": "center",
      "paddingBottom": 24,
    }
  }
>
  <Text>
    dairy
  </Text>
  <TouchableWithoutFeedback
    onPress={[Function]}
  >
    <Image
      source={
        Object {
          "testUri": "../../../assets/img/categories/dairy.jpg",
        }
      }
    />
  </TouchableWithoutFeedback>
</View>
`;
