// Jest Snapshot v1, https://goo.gl/fbAQLP

exports[`<CartItem /> renders correctly 1`] = `
<View
  style={
    Object {
      "alignItems": "center",
      "flexDirection": "row",
      "paddingBottom": 24,
      "paddingLeft": 32,
    }
  }
>
  <Image
    source={
      Object {
        "testUri": "../../../assets/img/products/milk.png",
      }
    }
  />
  <View
    style={
      Object {
        "flexDirection": "column",
        "paddingLeft": 24,
      }
    }
  >
    <Text
      style={
        Object {
          "fontWeight": "bold",
        }
      }
    >
      milk
    </Text>
    <Text
      style={
        Object {
          "fontWeight": "bold",
        }
      }
    >
      € 
      1.70
    </Text>
    <Text
      style={
        Object {
          "paddingBottom": 8,
        }
      }
    >
      € 
      1.70
    </Text>
    <TextInput
      allowFontScaling={true}
      name="quantity"
      onChange={[Function]}
      placeholder="Enter quantity"
      rejectResponderTermination={true}
      style={
        Object {
          "borderBottomColor": "black",
          "borderBottomWidth": 1,
          "marginBottom": 8,
        }
      }
      underlineColorAndroid="transparent"
      value="1"
    />
    <View
      accessibilityRole="button"
      accessibilityStates={Array []}
      accessible={true}
      focusable={true}
      isTVSelectable={true}
      onClick={[Function]}
      onResponderGrant={[Function]}
      onResponderMove={[Function]}
      onResponderRelease={[Function]}
      onResponderTerminate={[Function]}
      onResponderTerminationRequest={[Function]}
      onStartShouldSetResponder={[Function]}
      style={
        Object {
          "opacity": 1,
        }
      }
    >
      <View
        style={
          Array [
            Object {},
          ]
        }
      >
        <Text
          style={
            Array [
              Object {
                "color": "#007AFF",
                "fontSize": 18,
                "padding": 8,
                "textAlign": "center",
              },
            ]
          }
        >
          update
        </Text>
      </View>
    </View>
  </View>
</View>
`;

exports[`<Categories /> renders correctly 1`] = `
<View
  style={
    Object {
      "alignItems": "center",
      "flexDirection": "row",
      "paddingBottom": 24,
      "paddingLeft": 32,
    }
  }
>
  <Image
    source={
      Object {
        "testUri": "../../../assets/img/products/milk.png",
      }
    }
  />
  <View
    style={
      Object {
        "flexDirection": "column",
        "paddingLeft": 24,
      }
    }
  >
    <Text
      style={
        Object {
          "fontWeight": "bold",
        }
      }
    >
      milk
    </Text>
    <Text
      style={
        Object {
          "fontWeight": "bold",
        }
      }
    >
      € 
      1.70
    </Text>
    <Text
      style={
        Object {
          "paddingBottom": 8,
        }
      }
    >
      € 
      1.70
    </Text>
    <TextInput
      allowFontScaling={true}
      name="quantity"
      onChange={[Function]}
      placeholder="Enter quantity"
      rejectResponderTermination={true}
      style={
        Object {
          "borderBottomColor": "black",
          "borderBottomWidth": 1,
          "marginBottom": 8,
        }
      }
      underlineColorAndroid="transparent"
      value="1"
    />
    <View
      accessibilityRole="button"
      accessibilityStates={Array []}
      accessible={true}
      focusable={true}
      isTVSelectable={true}
      onClick={[Function]}
      onResponderGrant={[Function]}
      onResponderMove={[Function]}
      onResponderRelease={[Function]}
      onResponderTerminate={[Function]}
      onResponderTerminationRequest={[Function]}
      onStartShouldSetResponder={[Function]}
      style={
        Object {
          "opacity": 1,
        }
      }
    >
      <View
        style={
          Array [
            Object {},
          ]
        }
      >
        <Text
          style={
            Array [
              Object {
                "color": "#007AFF",
                "fontSize": 18,
                "padding": 8,
                "textAlign": "center",
              },
            ]
          }
        >
          update
        </Text>
      </View>
    </View>
  </View>
</View>
`;
