// Jest Snapshot v1, https://goo.gl/fbAQLP

exports[`<CartItem /> renders correctly 1`] = `
<View
  style={
    Object {
      "alignItems": "center",
      "flexDirection": "row",
      "paddingBottom": 24,
      "paddingLeft": 32,
    }
  }
>
  <Image
    source={
      Object {
        "testUri": "../../../assets/img/products/milk.png",
      }
    }
    testID="image-milk"
  />
  <View
    style={
      Object {
        "flexDirection": "column",
        "paddingLeft": 24,
      }
    }
  >
    <Text
      style={
        Object {
          "fontWeight": "bold",
        }
      }
      testID="name-milk"
    >
      milk
    </Text>
    <Text
      style={
        Object {
          "fontWeight": "bold",
        }
      }
    >
      € 
      1.70
    </Text>
    <Text
      style={
        Object {
          "paddingBottom": 8,
        }
      }
      testID="price-milk"
    >
      € 
      1.70
    </Text>
    <TextInput
      allowFontScaling={true}
      name="quantity"
      onChange={[Function]}
      placeholder="Enter quantity"
      rejectResponderTermination={true}
      style={
        Object {
          "borderBottomColor": "black",
          "borderBottomWidth": 1,
          "marginBottom": 8,
        }
      }
      underlineColorAndroid="transparent"
      value="1"
    />
    <Button
      onPress={[Function]}
      title="update"
    />
  </View>
</View>
`;
