// Jest Snapshot v1, https://goo.gl/fbAQLP

exports[`<CategoryProducts /> renders correctly 1`] = `
Array [
  <View
    style={
      Object {
        "alignItems": "center",
      }
    }
  >
    <TouchableWithoutFeedback
      onPress={[Function]}
    >
      <Image
        source={
          Object {
            "testUri": "../../../src/components/Header/logo.jpg",
          }
        }
        style={
          Object {
            "margin": 16,
          }
        }
        testID="logo"
      />
    </TouchableWithoutFeedback>
  </View>,
  <View
    style={
      Object {
        "alignItems": "center",
      }
    }
  >
    <ScrollView
      data={
        Array [
          Object {
            "description": "semi skimmed (1L)",
            "id": 1,
            "name": "milk",
            "price": 1.7,
          },
          Object {
            "description": "mild cheddar (330g)",
            "id": 2,
            "name": "cheese",
            "price": 2.39,
          },
          Object {
            "description": "unsalted (250g)",
            "id": 3,
            "name": "butter",
            "price": 1.09,
          },
          Object {
            "description": "medium-sized (6 eggs)",
            "id": 4,
            "name": "free range eggs",
            "price": 1.76,
          },
        ]
      }
      disableVirtualization={false}
      getItem={[Function]}
      getItemCount={[Function]}
      horizontal={false}
      initialNumToRender={10}
      keyExtractor={[Function]}
      maxToRenderPerBatch={10}
      numColumns={1}
      onContentSizeChange={[Function]}
      onEndReachedThreshold={2}
      onLayout={[Function]}
      onMomentumScrollEnd={[Function]}
      onScroll={[Function]}
      onScrollBeginDrag={[Function]}
      onScrollEndDrag={[Function]}
      removeClippedSubviews={false}
      renderItem={[Function]}
      scrollEventThrottle={50}
      stickyHeaderIndices={Array []}
      updateCellsBatchingPeriod={50}
      viewabilityConfigCallbackPairs={Array []}
      windowSize={21}
    >
      <View
        onLayout={[Function]}
        style={null}
      >
        <View
          style={
            Object {
              "alignItems": "center",
              "flexDirection": "row",
              "paddingBottom": 24,
            }
          }
          testID="product-0"
        >
          <Image
            source={
              Object {
                "testUri": "../../../assets/img/products/milk.png",
              }
            }
            testID="img-milk"
          />
          <View
            style={
              Object {
                "paddingLeft": 24,
              }
            }
          />
          <View
            style={
              Object {
                "alignItems": "flex-start",
              }
            }
          >
            <Text
              style={
                Object {
                  "fontWeight": "bold",
                }
              }
              testID="name-milk"
            >
              milk
            </Text>
            <Text
              style={
                Object {
                  "paddingBottom": 8,
                }
              }
              testID="price-milk"
            >
              € 
              1.70
            </Text>
            <Button
              onPress={[Function]}
              testID="submit-milk"
              title="add"
            />
          </View>
        </View>
      </View>
      <View
        onLayout={[Function]}
        style={null}
      >
        <View
          style={
            Object {
              "alignItems": "center",
              "flexDirection": "row",
              "paddingBottom": 24,
            }
          }
          testID="product-1"
        >
          <Image
            source={
              Object {
                "testUri": "../../../assets/img/products/cheese.png",
              }
            }
            testID="img-cheese"
          />
          <View
            style={
              Object {
                "paddingLeft": 24,
              }
            }
          />
          <View
            style={
              Object {
                "alignItems": "flex-start",
              }
            }
          >
            <Text
              style={
                Object {
                  "fontWeight": "bold",
                }
              }
              testID="name-cheese"
            >
              cheese
            </Text>
            <Text
              style={
                Object {
                  "paddingBottom": 8,
                }
              }
              testID="price-cheese"
            >
              € 
              2.39
            </Text>
            <Button
              onPress={[Function]}
              testID="submit-cheese"
              title="add"
            />
          </View>
        </View>
      </View>
      <View
        onLayout={[Function]}
        style={null}
      >
        <View
          style={
            Object {
              "alignItems": "center",
              "flexDirection": "row",
              "paddingBottom": 24,
            }
          }
          testID="product-2"
        >
          <Image
            source={
              Object {
                "testUri": "../../../assets/img/products/butter.png",
              }
            }
            testID="img-butter"
          />
          <View
            style={
              Object {
                "paddingLeft": 24,
              }
            }
          />
          <View
            style={
              Object {
                "alignItems": "flex-start",
              }
            }
          >
            <Text
              style={
                Object {
                  "fontWeight": "bold",
                }
              }
              testID="name-butter"
            >
              butter
            </Text>
            <Text
              style={
                Object {
                  "paddingBottom": 8,
                }
              }
              testID="price-butter"
            >
              € 
              1.09
            </Text>
            <Button
              onPress={[Function]}
              testID="submit-butter"
              title="add"
            />
          </View>
        </View>
      </View>
      <View
        onLayout={[Function]}
        style={null}
      >
        <View
          style={
            Object {
              "alignItems": "center",
              "flexDirection": "row",
              "paddingBottom": 24,
            }
          }
          testID="product-3"
        >
          <Image
            source={
              Object {
                "testUri": "../../../assets/img/products/free-range-eggs.png",
              }
            }
            testID="img-free range eggs"
          />
          <View
            style={
              Object {
                "paddingLeft": 24,
              }
            }
          />
          <View
            style={
              Object {
                "alignItems": "flex-start",
              }
            }
          >
            <Text
              style={
                Object {
                  "fontWeight": "bold",
                }
              }
              testID="name-free range eggs"
            >
              free range eggs
            </Text>
            <Text
              style={
                Object {
                  "paddingBottom": 8,
                }
              }
              testID="price-free range eggs"
            >
              € 
              1.76
            </Text>
            <Button
              onPress={[Function]}
              testID="submit-free range eggs"
              title="add"
            />
          </View>
        </View>
      </View>
    </ScrollView>
  </View>,
]
`;
