// Jest Snapshot v1, https://goo.gl/fbAQLP

exports[`<WidgetBar /> renders correctly 1`] = `
Array [
  <div
    className="sc-AxjAm cHCNiJ"
  >
    <div
      className="sc-AxirZ fmVTfn headerWidget"
    >
      <a
        className="bubble"
        data-cy="proceed-checkout"
        href="/checkout"
        onClick={[Function]}
      >
        proceed to checkout ➟
      </a>
    </div>
    <div
      className="sc-AxiKw RnNev headerWidget"
    >
      <span
        className="horizontalMargin"
        data-cy="cart-hdr-total"
        data-testid="cart-hdr-total"
      >
        <img
          alt="shopping cart icon"
          src="/static/img/cart.gif"
        />
         
        1 items
      </span>
      <a
        className="bubble"
        data-cy="cart-hdr-view-cart"
        href="/viewCart/false"
        onClick={[Function]}
      >
        view cart
      </a>
    </div>
  </div>,
  ")",
]
`;
